// Jest Snapshot v1, https://goo.gl/fbAQLP

exports[`<ErrorBoundary /> should render correctly if hasError state is false 1`] = `
<h1>
  Something went wrong.
</h1>
`;
